// Jest Snapshot v1, https://goo.gl/fbAQLP

exports[`check parse error "checkly test" should return a clear error when there are check dependency errors 1`] = `
"    Error: Encountered an error parsing check files for 
    /Users/umutuzgur/Documents/checkly/checkly-cli/package/e2e/__tests__/fixtu
    res/check-parse-error/entrypoint.js.

    The following dependencies weren't found:
    	/Users/umutuzgur/Documents/checkly/checkly-cli/package/e2e/__tests__/fixtu
    res/check-parse-error/nonexistent-file.js
    	/Users/umutuzgur/Documents/checkly/checkly-cli/package/e2e/__tests__/fixtu
    res/check-parse-error/nonexistent-file-2.js


    The following NPM dependencies were used, but aren't supported in the 
    runtimes.
    For more information, see https://www.checklyhq.com/docs/runtimes/.
    	/Users/umutuzgur/Documents/checkly/checkly-cli/package/e2e/__tests__/fixtu
    res/check-parse-error/entrypoint.js imports unsupported dependencies:
    		unsupported-dependency
    		unsupported-dependency-2


    The following files couldn't be parsed:
    	/Users/umutuzgur/Documents/checkly/checkly-cli/package/e2e/__tests__/fixtu
    res/check-parse-error/syntax-error-1.js - Unexpected token (3:0)
    	/Users/umutuzgur/Documents/checkly/checkly-cli/package/e2e/__tests__/fixtu
    res/check-parse-error/syntax-error-2.js - Unexpected token (2:0)

"
`;
